
          -------------------------------------------------------
          Amber 6  SANDER_CLASSIC           Scripps/UCSF 1999
          -------------------------------------------------------

|         Thu Sep 23 10:48:46 1999

  [-O]verwriting output

File Assignments:
|MDIN : sander_ff91.in                                                        
|MDOUT: sander_rna91.out                                                      
|INPCR: all_rna91.crd                                                         
|PARM : all_rna91.top                                                         
|RESTR: restrt                                                                
|REFC : refc                                                                  
|MDVEL: mdvel                                                                 
|MDEN : mden                                                                  
|MDCRD: mdcrd                                                                 
|MDINF: mdinfo                                                                


 Here is the input file:

# sander_ff91.in - get energy                                                  
 &cntrl                                                                        
    imin=1, maxcyc=1, cut=99.0, idiel=1, scee=2.0,                             
 /                                                                             
-------------------------------------------------------------------------------

# sander_ff91.in - get energy                                                   

| Reading &cntrl namelist w/ machine lib



   1.  RESOURCE   USE: 

 NATOM  =     127 NTYPES =      14 NBONH =      45 MBONA  =      91
 NTHETH =     101 MTHETA =     140 NPHIH =     178 MPHIA  =     227
 NHPARM =       0 NPARM  =       0 NNB   =     704 NRES   =       9
 NBONA  =      91 NTHETA =     140 NPHIA =     227 NUMBND =      34
 NUMANG =      70 NPTRA  =      32 NATYP =      21 NPHB   =      18
 IFBOX  =       0 NMXRS  =      31 IFCAP =       0


|     Memory type      Allocated 
|     Real                9420
|     Hollerith           1027
|     Integer            85852 (static)

|     Max Nonbonded Pairs:    8065 packed  2 to a machine word


   2.  CONTROL  DATA  FOR  THE  RUN

                                                                                

     TIMLIM=  999999.   IREST =    0       IBELLY=    0
     KFORM =    1       ICHDNA=    0       IMIN  =    1
     IPOL  =    0       IEWALD=    0

     NTX   =    1       NTXO  =    1
     IG    =    71277   TEMPI =     0.00   HEAT  =    0.000

     NTB   =    0       IFTRES=    1       BOXX  =    0.000
     BOXY  =    0.000   BOXZ  =    0.000

     NRUN  =    1       NTT   =    0       TEMP0 =  300.000
     DTEMP =    0.000   TAUTP =    0.200   TAUTS =    0.200
     ISOLVP=    0       VLIMIT=    0.000

     NTP   =    0       PRES0 =    1.000   COMP  =   44.600
     TAUP  =    0.200   NPSCAL=    0

     NTCM  =    0       NSCM  = 9999999

     NSTLIM=    1       INIT  =    3       NTU   =    1
     T     =    0.000   DT    =   0.00100

     NTC   =    1       TOL   =   0.00050  JFASTW =    0

     NTF   =    1       NTID  =    0       NTNB  =    1
     NSNB  =   25       IDIEL =    1       IMGSLT=    0
     IPRR  =    0       IPRW  =    0       ITRSLU=    1

     CUT   =   99.000   SCNB  =    2.000
     SCEE  =    2.000   DIELC =    1.000
     CUT2ND=   0.00000

     NTPR  =      50    NTWR  =      50    NTWX  =       0
     NTWV  =       0    NTWE  =       0    NTWXM =  999999
     NTWVM =  999999    NTWEM =  999999    IOUTFM=       0
     NTWPRT=       0    NTWPR0=       0

     NTR   =    0       NTRX  =    1
     TAUR  =   0.00000     NMROPT=    0     ISFTRP=    0
     RWELL =   1.00000     PENCUT=   0.10000

     IVCAP =    0       MATCAP=    0       FCAP  =    1.500
     IRDARC=    0       IRD1ST=    0       IRDLST=    0
     IWRTSM=    0

   OTHER DATA:

     IFCAP =    0       NATCAP=    0       CUTCAP=    0.000
     XCAP  =    0.000   YCAP  =    0.000   ZCAP  =    0.000

     NATOM =     127  NRES =      9

     MAXCYC=    1     NCYC  =   10     NTMIN =    1     DX0   =  0.010000
     DXM   =  0.50000  DRMS  =   0.00010

     Water definition for fast triangulated model:
     Resname = WAT ; Oxygen_name = O   ; Hyd1_name = H1  ; Hyd2_name = H2  

     GFTIM =   2.00000     RLMAVF=   0.00000     ISGDEP=    3
     NMRAFA=    0       ILTAVF=    0
Ligand Grid: OFF (not requested)

   3.  ATOMIC COORDINATES AND VELOCITIES

                                                                                
 begin time read from input coords =     0.000 ps

 Number of triangulated 3-point waters found:        0

 Solute/solvent pointers:
     IPTSOL=    9       NATRCM=  127
     IPTRES=    0       IPTATM=    0
     NSPSOL=    0       NSPSTR=    0
     NSOLUT=  127       NATOM =  127

 NB-update: NPAIRS =    7304  HBPAIR =     432


   NSTEP       ENERGY          RMS            GMAX         NAME    NUMBER
      1       2.2930E+03     1.5071E+02     1.1818E+03     H2'        28

 BOND    =     1517.1069  ANGLE   =      629.3352  DIHED      =      194.1383
 VDWAALS =      221.3980  EEL     =      257.9561  HBOND      =       -0.9647
 1-4 VDW =       80.6908  1-4 EEL =     -606.7062  CONSTRAINT =        0.0000
  MAXIMUM NUMBER OF F EVALUATION EXCEEDED


                    FINAL RESULTS



   NSTEP       ENERGY          RMS            GMAX         NAME    NUMBER
      1       2.2930E+03     1.5071E+02     1.1818E+03     H2'        28

 BOND    =     1517.1069  ANGLE   =      629.3352  DIHED      =      194.1383
 VDWAALS =      221.3980  EEL     =      257.9561  HBOND      =       -0.9647
 1-4 VDW =       80.6908  1-4 EEL =     -606.7062  CONSTRAINT =        0.0000
|         ELAPSED TIME =      0.066     TOTAL TIME =      0.066

      Routine         Sec       %
      ----------------------------
|     Pairlist       0.00    2.17
|     Nonbond        0.00    2.63
|     Bond           0.00    0.18
|     Angle          0.00    1.57
|     Dihedral       0.00    3.31
|     Shake          0.00    0.00
|     Quick3         0.00    0.00
|     Force          0.00    0.00
|     Other          0.06   90.15
      ----------------------------
|     Total          0.07    0.00 Hours

|     Nonsetup       0.01   21.84%

|     Setup wallclock           0 seconds
|     Nonsetup wallclock        0 seconds
