
          -------------------------------------------------------
          Amber 6  SANDER_CLASSIC           Scripps/UCSF 1999
          -------------------------------------------------------

|         Thu Sep 23 10:48:46 1999

  [-O]verwriting output

File Assignments:
|MDIN : sander_ff91.in                                                        
|MDOUT: sander_dna91.out                                                      
|INPCR: all_dna91.crd                                                         
|PARM : all_dna91.top                                                         
|RESTR: restrt                                                                
|REFC : refc                                                                  
|MDVEL: mdvel                                                                 
|MDEN : mden                                                                  
|MDCRD: mdcrd                                                                 
|MDINF: mdinfo                                                                


 Here is the input file:

# sander_ff91.in - get energy                                                  
 &cntrl                                                                        
    imin=1, maxcyc=1, cut=99.0, idiel=1, scee=2.0,                             
 /                                                                             
-------------------------------------------------------------------------------

# sander_ff91.in - get energy                                                   

| Reading &cntrl namelist w/ machine lib



   1.  RESOURCE   USE: 

 NATOM  =     126 NTYPES =      13 NBONH =      47 MBONA  =      88
 NTHETH =     109 MTHETA =     134 NPHIH =     185 MPHIA  =     206
 NHPARM =       0 NPARM  =       0 NNB   =     695 NRES   =       9
 NBONA  =      88 NTHETA =     134 NPHIA =     206 NUMBND =      33
 NUMANG =      69 NPTRA  =      32 NATYP =      20 NPHB   =      15
 IFBOX  =       0 NMXRS  =      30 IFCAP =       0


|     Memory type      Allocated 
|     Real                9079
|     Hollerith           1019
|     Integer            85739 (static)

|     Max Nonbonded Pairs:    7939 packed  2 to a machine word


   2.  CONTROL  DATA  FOR  THE  RUN

                                                                                

     TIMLIM=  999999.   IREST =    0       IBELLY=    0
     KFORM =    1       ICHDNA=    0       IMIN  =    1
     IPOL  =    0       IEWALD=    0

     NTX   =    1       NTXO  =    1
     IG    =    71277   TEMPI =     0.00   HEAT  =    0.000

     NTB   =    0       IFTRES=    1       BOXX  =    0.000
     BOXY  =    0.000   BOXZ  =    0.000

     NRUN  =    1       NTT   =    0       TEMP0 =  300.000
     DTEMP =    0.000   TAUTP =    0.200   TAUTS =    0.200
     ISOLVP=    0       VLIMIT=    0.000

     NTP   =    0       PRES0 =    1.000   COMP  =   44.600
     TAUP  =    0.200   NPSCAL=    0

     NTCM  =    0       NSCM  = 9999999

     NSTLIM=    1       INIT  =    3       NTU   =    1
     T     =    0.000   DT    =   0.00100

     NTC   =    1       TOL   =   0.00050  JFASTW =    0

     NTF   =    1       NTID  =    0       NTNB  =    1
     NSNB  =   25       IDIEL =    1       IMGSLT=    0
     IPRR  =    0       IPRW  =    0       ITRSLU=    1

     CUT   =   99.000   SCNB  =    2.000
     SCEE  =    2.000   DIELC =    1.000
     CUT2ND=   0.00000

     NTPR  =      50    NTWR  =      50    NTWX  =       0
     NTWV  =       0    NTWE  =       0    NTWXM =  999999
     NTWVM =  999999    NTWEM =  999999    IOUTFM=       0
     NTWPRT=       0    NTWPR0=       0

     NTR   =    0       NTRX  =    1
     TAUR  =   0.00000     NMROPT=    0     ISFTRP=    0
     RWELL =   1.00000     PENCUT=   0.10000

     IVCAP =    0       MATCAP=    0       FCAP  =    1.500
     IRDARC=    0       IRD1ST=    0       IRDLST=    0
     IWRTSM=    0

   OTHER DATA:

     IFCAP =    0       NATCAP=    0       CUTCAP=    0.000
     XCAP  =    0.000   YCAP  =    0.000   ZCAP  =    0.000

     NATOM =     126  NRES =      9

     MAXCYC=    1     NCYC  =   10     NTMIN =    1     DX0   =  0.010000
     DXM   =  0.50000  DRMS  =   0.00010

     Water definition for fast triangulated model:
     Resname = WAT ; Oxygen_name = O   ; Hyd1_name = H1  ; Hyd2_name = H2  

     GFTIM =   2.00000     RLMAVF=   0.00000     ISGDEP=    3
     NMRAFA=    0       ILTAVF=    0
Ligand Grid: OFF (not requested)

   3.  ATOMIC COORDINATES AND VELOCITIES

                                                                                
 begin time read from input coords =     0.000 ps

 Number of triangulated 3-point waters found:        0

 Solute/solvent pointers:
     IPTSOL=    9       NATRCM=  126
     IPTRES=    0       IPTATM=    0
     NSPSOL=    0       NSPSTR=    0
     NSOLUT=  126       NATOM =  126

 NB-update: NPAIRS =    7183  HBPAIR =     268


   NSTEP       ENERGY          RMS            GMAX         NAME    NUMBER
      1       1.6791E+03     1.1375E+02     5.8247E+02     H         126

 BOND    =     1128.3083  ANGLE   =      571.4827  DIHED      =      188.2012
 VDWAALS =       -8.3697  EEL     =      655.9979  HBOND      =       -0.2737
 1-4 VDW =       51.6271  1-4 EEL =     -907.8735  CONSTRAINT =        0.0000
  MAXIMUM NUMBER OF F EVALUATION EXCEEDED


                    FINAL RESULTS



   NSTEP       ENERGY          RMS            GMAX         NAME    NUMBER
      1       1.6791E+03     1.1375E+02     5.8247E+02     H         126

 BOND    =     1128.3083  ANGLE   =      571.4827  DIHED      =      188.2012
 VDWAALS =       -8.3697  EEL     =      655.9979  HBOND      =       -0.2737
 1-4 VDW =       51.6271  1-4 EEL =     -907.8735  CONSTRAINT =        0.0000
|         ELAPSED TIME =      0.065     TOTAL TIME =      0.065

      Routine         Sec       %
      ----------------------------
|     Pairlist       0.00    2.27
|     Nonbond        0.00    2.52
|     Bond           0.00    0.16
|     Angle          0.00    1.51
|     Dihedral       0.00    3.44
|     Shake          0.00    0.00
|     Quick3         0.00    0.00
|     Force          0.00    0.00
|     Other          0.06   90.09
      ----------------------------
|     Total          0.06    0.00 Hours

|     Nonsetup       0.01   22.03%

|     Setup wallclock           0 seconds
|     Nonsetup wallclock        0 seconds
