    
  __________DelPhi V. 4 Release 1.1 ______________  
 |                                                | 
 | A program to solve the PB equation             | 
 | in 3D, using non-linear form, incorporating    | 
 | many dielectric regions, multisalt ionic       | 
 | strength, different probe radii, periodic      | 
 | and focussing boundary conditions, utilizing   | 
 | stripped optimum successive over-relaxation    | 
 | and an improved algorithm for mapping the      | 
 | Mol. Surface to the finite-Difference grid     | 
 | Recompiled on Linux and PC                     | 
 |    January 2002 --------  Walter Rocchia       | 
 |__________________           ___________________| 
                    DelPhi V. 4                     
   
  program started on Tue Feb 16 2010
              at 16:03:58
 opening parameter file delphi.in
 nonexistence or unexpected end of radius file
 This is correct in case there are ONLY objects,
 or in case some specific delphi pdb format is used!
 nonexistence or unexpected end of chargefile
 This is correct in case there are ONLY objects,
 or in case some specific delphi pdb format is used!
 assigning charges and radii...
  
 opening formatted file:1az6_4_delphi.pqr
 Reading a Delphi-style pdb file
 Delphi Format Number =            2
 You are not reading from an objectfile!
 Assuming having only molecules, and one medium
 number of atoms read in =          489
  
  
 Direct mapping of epsilon: (0/1)(n/y)           1
 time to read in and/or assign rad/chrg=  0.0000000E+00
 object number :              1,  is a molecule
 Debye Lengths contained in the finite diff. box   3.305547    
   
 grid size                  :         105
 percent of box to be filled:   50.00000    
 scale,in grids/A :   2.000000    
 xmin,xmax     (A):  -13.29400       12.20800    
 ymin,ymax     (A):  -13.38400       11.77300    
 zmin,zmax     (A):  -12.48600       13.71000    
 x,y,z range   (A):    25.50200       25.15700       26.19600    
 system geometric center in (A): -0.5430002     -0.8055000      0.6120000    
  grid  box is centered in (A) : -0.5430002     -0.8055000      0.6120000    
 object centred at (gu)     :  0.0000000E+00  0.0000000E+00  0.0000000E+00
 outer dielectric           :   80.00000    
 dielectric in medium number           1 :   1.000000    
 first kind salt concentration (M)   :  0.1500000    
 valences salt 1 are                   1 and           1
 second kind salt concentration (M)  :  0.0000000E+00
 valences salt 2 are                   0 and           0
 ionic strength (M)         :  0.1500000    
 debye length (A)           :   7.924860    
 absolute temperature (K)   :   297.3342    
 ion exclusion radius (A)   :  0.0000000E+00
 probe radius facing water(A:   1.500000    
 probe radius, internal (A) :   1.500000    
 boundary conditions        : coulombic
 x,y,z periodic bc. and volt. drop flags: F F F F F F
 # of linear iterations     :        1000
 # of non-linear iterations :           0
 non-linear energy calculat.: F
 manual relaxation parameter : F
 ionic direct energy contribution: F
 concentration map output   : F
 spherical charge distbn.   : F
 INSIGHT format output      : F
 site potential output      : F
 modified atom file output  : F
 map file label             :
qdiffxas: qdiffxs4 with an improved surfacing routine       
  convergence graph turned off
  potential listings turned off
  
 start vw surface at   0.0000000E+00
 Starting creating Vand der Waals  Epsilon Map 
 Ending creating Vand der Waals  Epsilon Map 
 fill in re-entrant regions at   9.9999998E-03
 boundary points facing continuum solvent=        11953
 total number of boundary points before elab.=        11953
 reading accessible surface arcs data from file       ARCDAT
 no. of arc points read =        22655
 grid for indexing accessible points =    1.500000    
 bgp added m=        3616 bgp removed  mr =        6741
 bgp added m=         566 bgp removed  mr =        1916
 bgp added m=          40 bgp removed  mr =         245
 bgp added m=           2 bgp removed  mr =           9
 bgp added m=           0 bgp removed  mr =           0
 time to grow re-entrant surface =   7.0000000E-02
 no. cavity mid-points inaccessible to solvent =            0
 after surface elaboration ibnum=         7266
     and               ibnumsurf=         7266
 scaling boundary grid points
 time taken =   2.9999999E-02
            0 points had to be assigned by global comparison
 time to turn everything in is  0.1200000    
 number of charges coming from molecules          489
   
 number of atom coordinates read  :          489
 total number of assigned charges    :          489
 net assigned charge              :    1.000000    
 assigned positive charge         :    63.09383    
 centred at (gu) :   54.27144       53.89533       50.91950    
 assigned negative charge         :   -62.09383    
 centred at (gu) :   54.75201       54.04321       51.01325    
    
 number of dielectric boundary points        7266
 no. dielectric boundary points in salt =         5325
 no. grid points charged and not internal=           1
 iepsmp to db, and charging done at  0.1400000    
 number of grid points assigned charge        3836
  
   setting boundary conditions
  
  some initial phi values: 
  midg,midg,1; midg,midg,igrid 
   3.2248516E-02  1.2015491E-02
  midg,1,midg; midg,igrid,midg 
   8.7460075E-03 -2.9696664E-04
  1,midg,midg; igrid,midg,midg 
   3.7536781E-02 -1.8126750E-02
  
gauss-seidel spectral radius is        0.9973483682
  
 estimated iterations to convergence         155
   
 setup time was (sec)    2.050000    
   
 now iterating at: 16:04:00
  
  
   rms-change     max change       #iterations
    6.289330       260.9521     at          10 iterations
    2.200852       81.76917     at          20 iterations
   0.7794801       26.08257     at          30 iterations
   0.2720464       9.760925     at          40 iterations
   9.4960466E-02   3.212466     at          50 iterations
   3.3040952E-02   1.099051     at          60 iterations
   1.1534559E-02  0.4074173     at          70 iterations
   4.0682871E-03  0.1663742     at          80 iterations
   1.4239553E-03  4.7050476E-02 at          90 iterations
   5.0209468E-04  1.5750885E-02 at         100 iterations
   1.7375220E-04  5.6991577E-03 at         110 iterations
   6.0994080E-05  2.1743774E-03 at         120 iterations
   2.1635829E-05  7.3242188E-04 at         130 iterations
   8.6336695E-06  3.6621094E-04 at         140 iterations
   4.9014411E-06  2.4414063E-04 at         150 iterations
   4.2536849E-06  2.4414063E-04 at         160 iterations
   4.1309686E-06  2.4414063E-04 at         170 iterations
   4.1126136E-06  2.4414063E-04 at         180 iterations
   4.0745526E-06  2.4414063E-04 at         190 iterations
   4.1195931E-06  2.7465820E-04 at         200 iterations
   4.1581434E-06  2.4414063E-04 at         210 iterations
   4.1670964E-06  3.0517578E-04 at         220 iterations
   4.1075823E-06  2.4414063E-04 at         230 iterations
   4.0568166E-06  2.4414063E-04 at         240 iterations
   4.0832933E-06  2.4414063E-04 at         250 iterations
   4.1330268E-06  2.4414063E-04 at         260 iterations
   4.0517320E-06  2.4414063E-04 at         270 iterations
   4.1425069E-06  2.4414063E-04 at         280 iterations
   4.1224152E-06  2.4414063E-04 at         290 iterations
   4.0475161E-06  2.7465820E-04 at         300 iterations
   4.1148987E-06  2.4414063E-04 at         310 iterations
   4.1143862E-06  2.4414063E-04 at         320 iterations
   4.1661133E-06  2.4414063E-04 at         330 iterations
   4.1037924E-06  2.4414063E-04 at         340 iterations
   4.0926466E-06  2.4414063E-04 at         350 iterations
   4.1346002E-06  2.4414063E-04 at         360 iterations
   4.1456460E-06  2.4414063E-04 at         370 iterations
   4.0763107E-06  2.4414063E-04 at         380 iterations
   4.1493145E-06  2.4414063E-04 at         390 iterations
   4.1475137E-06  2.4414063E-04 at         400 iterations
   4.1340127E-06  3.6621094E-04 at         410 iterations
   4.0840105E-06  2.4414063E-04 at         420 iterations
   4.1110884E-06  2.4414063E-04 at         430 iterations
   4.1221601E-06  2.4414063E-04 at         440 iterations
   4.0867972E-06  2.7465820E-04 at         450 iterations
   4.1053418E-06  2.4414063E-04 at         460 iterations
   4.1156168E-06  2.4414063E-04 at         470 iterations
   4.1415165E-06  2.4414063E-04 at         480 iterations
   4.0578002E-06  2.4414063E-04 at         490 iterations
   4.1424487E-06  2.4414063E-04 at         500 iterations
   4.1830776E-06  2.4414063E-04 at         510 iterations
   4.1762614E-06  2.4414063E-04 at         520 iterations
   4.1425383E-06  3.6621094E-04 at         530 iterations
   4.1360072E-06  3.3569336E-04 at         540 iterations
   4.1014050E-06  2.5939941E-04 at         550 iterations
   4.1557960E-06  2.4414063E-04 at         560 iterations
   4.1228250E-06  2.7465820E-04 at         570 iterations
   4.1012863E-06  2.4414063E-04 at         580 iterations
   4.1182916E-06  2.4414063E-04 at         590 iterations
   4.1535691E-06  2.4414063E-04 at         600 iterations
   4.1025096E-06  2.4414063E-04 at         610 iterations
   4.1148883E-06  2.4414063E-04 at         620 iterations
   4.0988784E-06  2.7465820E-04 at         630 iterations
   4.0997597E-06  2.4414063E-04 at         640 iterations
   4.1379835E-06  2.4414063E-04 at         650 iterations
   4.1548424E-06  2.7465820E-04 at         660 iterations
   4.1558847E-06  2.8991699E-04 at         670 iterations
   4.1956259E-06  3.6621094E-04 at         680 iterations
   4.1140879E-06  3.0517578E-04 at         690 iterations
   4.0782261E-06  2.4414063E-04 at         700 iterations
   4.0942646E-06  2.4414063E-04 at         710 iterations
   4.1329572E-06  2.4414063E-04 at         720 iterations
   4.1070011E-06  2.4414063E-04 at         730 iterations
   4.0950517E-06  3.0517578E-04 at         740 iterations
   4.0952791E-06  3.0517578E-04 at         750 iterations
   4.1577396E-06  2.4414063E-04 at         760 iterations
   4.1478443E-06  3.6621094E-04 at         770 iterations
   4.1657395E-06  2.4414063E-04 at         780 iterations
   4.0890559E-06  2.4414063E-04 at         790 iterations
   4.1335020E-06  3.0517578E-04 at         800 iterations
   4.1239027E-06  2.4414063E-04 at         810 iterations
   4.1059616E-06  2.4414063E-04 at         820 iterations
   4.1229991E-06  3.0517578E-04 at         830 iterations
   4.1974031E-06  3.0517578E-04 at         840 iterations
   4.1250628E-06  3.6621094E-04 at         850 iterations
   4.1026533E-06  2.4414063E-04 at         860 iterations
   4.1393587E-06  3.0517578E-04 at         870 iterations
   4.1237986E-06  2.4414063E-04 at         880 iterations
   4.0830478E-06  2.4414063E-04 at         890 iterations
   4.1126964E-06  2.4414063E-04 at         900 iterations
   4.1976705E-06  3.0517578E-04 at         910 iterations
   4.1096746E-06  3.0517578E-04 at         920 iterations
   4.2018514E-06  3.0517578E-04 at         930 iterations
   4.1602302E-06  3.0517578E-04 at         940 iterations
   4.0622526E-06  2.4414063E-04 at         950 iterations
   4.1024923E-06  2.4414063E-04 at         960 iterations
   4.0797809E-06  2.4414063E-04 at         970 iterations
   4.1045960E-06  3.6621094E-04 at         980 iterations
   4.0808281E-06  2.4414063E-04 at         990 iterations
   4.1097619E-06  2.4414063E-04 at        1000 iterations
 finished qdiffx linear iterations
 at                       : 16:04:14
 total time elapsed so far:    16.08000    
 # loops                  :         1000
 mean,max change (kT/e)   :   4.1097619E-06  2.4414063E-04
 self-reaction field energy :      0.0000000E+00 kt
 total s.charge,no epsin carrying :   -0.9801
 corrected reaction field energy:   -571.9694     kt
 total reaction field energy :     -571.9694     kt
  
 All required energy terms but grid and self_react.:  -571.9694    kt
 energy calculations done at   16.13000    
   
 total cpu time was (sec)    16.13000    
   
 DelPhi exited at 16:04:14
